Microchip MPLAB XC8 Compiler V2.41

Linker command line:

-W-3 \
  --edf=C:/Program Files/Microchip/MPLABX/v6.10/packs/Microchip/PIC18F-K_DFP/1.8.249/xc8\pic\dat\20230209213641_en.msgs \
  -cn -h+dist/default/production\Close_Circuit_Project.X.production.sym \
  --cmf=dist/default/production\Close_Circuit_Project.X.production.cmf -z \
  -Q18F46K22 \
  -oC:\Users\D00264~1\AppData\Local\Temp\xcBs90o.1\driver_tmp_3.o \
  --defsym=__MPLAB_BUILD=1 --fixupoverflow=error \
  -Mdist/default/production/Close_Circuit_Project.X.production.map \
  --md=C:\Users\D00264~1\AppData\Local\Temp\xcBs90o.1\driver_tmp_0.dat -E1 \
  -ver=XC8 Compiler --acfsm=1493 -ACODE=00h-0FFFFh -ACONST=00h-0FFFFh \
  -ASMALLCONST=01000h-010FFhx240 -AMEDIUMCONST=01000h-0FFFFh \
  -ACOMRAM=01h-05Fh -AABS1=00h-0F37h -ABIGRAM=01h-0F37h \
  -ARAM=060h-0FFh,0100h-01FFhx14,0F00h-0F37h -ABANK0=060h-0FFh \
  -ABANK1=0100h-01FFh -ABANK2=0200h-02FFh -ABANK3=0300h-03FFh \
  -ABANK4=0400h-04FFh -ABANK5=0500h-05FFh -ABANK6=0600h-06FFh \
  -ABANK7=0700h-07FFh -ABANK8=0800h-08FFh -ABANK9=0900h-09FFh \
  -ABANK10=0A00h-0AFFh -ABANK11=0B00h-0BFFh -ABANK12=0C00h-0CFFh \
  -ABANK13=0D00h-0DFFh -ABANK14=0E00h-0EFFh -ABANK15=0F00h-0F37h \
  -ASFR=0F38h-0F5Fh,0F60h-0FFFh -ABIGSFR=0F38h-0FFFh \
  -ACONFIG=0300000h-030000Dh -AIDLOC=0200000h-0200007h \
  -AEEDATA=0F00000h-0F003FFh -peeprom_data=EEDATA \
  -preset_vec=00h,intcode=08h,intcodelo,powerup,init -pramtop=01000h \
  -psmallconst=SMALLCONST -pmediumconst=MEDIUMCONST -pconst=CONST \
  -AFARRAM=00h-00h \
  -prdata=COMRAM,nvrram=COMRAM,nvbit=COMRAM,rbss=COMRAM,rbit=COMRAM \
  -pfarbss=FARRAM,fardata=FARRAM,nvFARRAM=FARRAM \
  -pintsave_regs=BIGRAM,bigbss=BIGRAM,bigdata=BIGRAM -pbss=RAM \
  -pidata=CODE,irdata=CODE,ibigdata=CODE,ifardata=CODE -prparam=COMRAM \
  C:\Users\D00264~1\AppData\Local\Temp\xcBs90o.1\driver_tmp_19.o \
  dist/default/production\Close_Circuit_Project.X.production.o 

Object code version is 3.11

Machine type is 18F46K22



                Name                               Link     Load   Length Selector   Space Scale
C:\Users\D00264~1\AppData\Local\Temp\xcBs90o.1\driver_tmp_19.o
                config                           300000   300000        E        0       4
                init                                 98       98        4        4       0
                reset_vec                             0        0        4        0       0
dist/default/production\Close_Circuit_Project.X.production.o
                intcode                               8        8       90        4       0
                config                           300000   300000        E        0       4
                temp                                 53       53        1        1       1
                mediumconst                        FEBC     FEBC      144     7F5E       0
                text64                             2B24     2B24       60        4       0
                text63                             313C     313C       18        4       0
                text62                             2432     2432       D6        4       0
                text61                             2D78     2D78       40        4       0
                text60                             31D0     31D0        2        4       0
                text59                             2EA4     2EA4       38        4       0
                text58                             3074     3074       28        4       0
                text56                             10A6     10A6      42A        4       0
                text55                              BE6      BE6      4C0        4       0
                text54                             2C6C     2C6C       46        4       0
                text53                             232C     232C      106        4       0
                text52                             1C8E     1C8E      1B4        4       0
                text51                             1AA0     1AA0      1EE        4       0
                text50                             2F74     2F74       30        4       0
                text49                             2F44     2F44       30        4       0
                text48                             2F12     2F12       32        4       0
                text47                             3124     3124       18        4       0
                text46                             30E8     30E8       20        4       0
                text45                             31BE     31BE        A        4       0
                text44                             31B4     31B4        A        4       0
                text43                             31AA     31AA        A        4       0
                text42                             2DF6     2DF6       3E        4       0
                text41                             31CC     31CC        4        4       0
                text40                             3188     3188        E        4       0
                text39                             2DB8     2DB8       3E        4       0
                text38                             31A0     31A0        A        4       0
                text37                             2EDC     2EDC       36        4       0
                text36                             3108     3108       1C        4       0
                text35                             316A     316A       10        4       0
                text34                             30C2     30C2       26        4       0
                text33                             2220     2220      10C        4       0
                text32                             2A60     2A60       64        4       0
                text31                             309C     309C       26        4       0
                text30                             26A2     26A2       C4        4       0
                text29                             281C     281C       B0        4       0
                text28                             2D38     2D38       40        4       0
                text27                             3154     3154       16        4       0
                text26                             3196     3196        A        4       0
                text25                             25D8     25D8       CA        4       0
                text24                             2CB2     2CB2       44        4       0
                text23                             29E6     29E6       7A        4       0
                text22                             1E42     1E42      196        4       0
                text21                             1FD8     1FD8      12C        4       0
                text20                             2B84     2B84       52        4       0
                text19                             304C     304C       28        4       0
                text18                             3024     3024       28        4       0
                text17                             317A     317A        E        4       0
                text16                             2104     2104      11C        4       0
                text15                             2C26     2C26       46        4       0
                text14                             2766     2766       B6        4       0
                text13                             296A     296A       7C        4       0
                text12                             28CC     28CC       9E        4       0
                text11                             2E6C     2E6C       38        4       0
                text10                             2AC4     2AC4       60        4       0
                text9                              2FD0     2FD0       2C        4       0
                text8                              2FA4     2FA4       2C        4       0
                text7                              2E34     2E34       38        4       0
                text6                               676      676      570        4       0
                text5                              2CF6     2CF6       42        4       0
                text4                              186C     186C      234        4       0
                text3                              14D0     14D0      39C        4       0
                text2                              2508     2508       D0        4       0
                text1                              2FFC     2FFC       28        4       0
                text0                                9C       9C      5DA        4       0
                cstackCOMRAM                          1        1       46        1       1
                cstackBANK0                          60       60       53       60       1
                cstackBANK1                         140      140       29      100       1
                bssBANK1                            100      100       40      100       1
                dataBANK0                            DB       DB        4       60       1
                bssBANK0                             B3       B3       20       60       1
                bssCOMRAM                            47       47        B        1       1
                bitbssCOMRAM                        290       52        2        1       1     8
                cinit                              2BD6     2BD6       50        4       0
                nvBANK0                              D3       D3        8       60       1
                idataBANK0                         31C8     31C8        4        4       0

TOTAL           Name                               Link     Load   Length     Space
        CLASS   CODE           
                intcode                               8        8       90         0
                init                                 98       98        4         0
                reset_vec                             0        0        4         0
                text64                             2B24     2B24       60         0
                text63                             313C     313C       18         0
                text62                             2432     2432       D6         0
                text61                             2D78     2D78       40         0
                text60                             31D0     31D0        2         0
                text59                             2EA4     2EA4       38         0
                text58                             3074     3074       28         0
                text56                             10A6     10A6      42A         0
                text55                              BE6      BE6      4C0         0
                text54                             2C6C     2C6C       46         0
                text53                             232C     232C      106         0
                text52                             1C8E     1C8E      1B4         0
                text51                             1AA0     1AA0      1EE         0
                text50                             2F74     2F74       30         0
                text49                             2F44     2F44       30         0
                text48                             2F12     2F12       32         0
                text47                             3124     3124       18         0
                text46                             30E8     30E8       20         0
                text45                             31BE     31BE        A         0
                text44                             31B4     31B4        A         0
                text43                             31AA     31AA        A         0
                text42                             2DF6     2DF6       3E         0
                text41                             31CC     31CC        4         0
                text40                             3188     3188        E         0
                text39                             2DB8     2DB8       3E         0
                text38                             31A0     31A0        A         0
                text37                             2EDC     2EDC       36         0
                text36                             3108     3108       1C         0
                text35                             316A     316A       10         0
                text34                             30C2     30C2       26         0
                text33                             2220     2220      10C         0
                text32                             2A60     2A60       64         0
                text31                             309C     309C       26         0
                text30                             26A2     26A2       C4         0
                text29                             281C     281C       B0         0
                text28                             2D38     2D38       40         0
                text27                             3154     3154       16         0
                text26                             3196     3196        A         0
                text25                             25D8     25D8       CA         0
                text24                             2CB2     2CB2       44         0
                text23                             29E6     29E6       7A         0
                text22                             1E42     1E42      196         0
                text21                             1FD8     1FD8      12C         0
                text20                             2B84     2B84       52         0
                text19                             304C     304C       28         0
                text18                             3024     3024       28         0
                text17                             317A     317A        E         0
                text16                             2104     2104      11C         0
                text15                             2C26     2C26       46         0
                text14                             2766     2766       B6         0
                text13                             296A     296A       7C         0
                text12                             28CC     28CC       9E         0
                text11                             2E6C     2E6C       38         0
                text10                             2AC4     2AC4       60         0
                text9                              2FD0     2FD0       2C         0
                text8                              2FA4     2FA4       2C         0
                text7                              2E34     2E34       38         0
                text6                               676      676      570         0
                text5                              2CF6     2CF6       42         0
                text4                              186C     186C      234         0
                text3                              14D0     14D0      39C         0
                text2                              2508     2508       D0         0
                text1                              2FFC     2FFC       28         0
                text0                                9C       9C      5DA         0
                cinit                              2BD6     2BD6       50         0
                idataBANK0                         31C8     31C8        4         0

        CLASS   CONST          

        CLASS   SMALLCONST     

        CLASS   MEDIUMCONST    
                mediumconst                        FEBC     FEBC      144         0

        CLASS   COMRAM         
                temp                                 53       53        1         1
                cstackCOMRAM                          1        1       46         1
                bssCOMRAM                            47       47        B         1
                bitbssCOMRAM                        290       52        2         1

        CLASS   ABS1           

        CLASS   BIGRAM         

        CLASS   RAM            

        CLASS   BANK0          
                cstackBANK0                          60       60       53         1
                dataBANK0                            DB       DB        4         1
                bssBANK0                             B3       B3       20         1
                nvBANK0                              D3       D3        8         1

        CLASS   BANK1          
                cstackBANK1                         140      140       29         1
                bssBANK1                            100      100       40         1

        CLASS   BANK2          

        CLASS   BANK3          

        CLASS   BANK4          

        CLASS   BANK5          

        CLASS   BANK6          

        CLASS   BANK7          

        CLASS   BANK8          

        CLASS   BANK9          

        CLASS   BANK10         

        CLASS   BANK11         

        CLASS   BANK12         

        CLASS   BANK13         

        CLASS   BANK14         

        CLASS   BANK15         

        CLASS   SFR            

        CLASS   BIGSFR         

        CLASS   CONFIG         
                config                           300000   300000        E         4

        CLASS   IDLOC          

        CLASS   EEDATA         

        CLASS   FARRAM         

        CLASS   HEAP           

        CLASS   STACK          



SEGMENTS        Name                           Load    Length   Top    Selector   Space  Class

                reset_vec                      000000  000004  000004         0       0  CODE    
                cstackCOMRAM                   000001  000053  000054         1       1  COMRAM  
                intcode                        000008  0031CA  0031D2         4       0  CODE    
                cstackBANK0                    000060  00007F  0000DF        60       1  BANK0   
                bssBANK1                       000100  000069  000169       100       1  BANK1   
                mediumconst                    00FEBC  000144  010000      7F5E       0  MEDIUMCO


UNUSED ADDRESS RANGES

        Name                Unused          Largest block    Delta
        BANK0            0000DF-0000FF               21
        BANK1            000169-0001FF               97
        BANK10           000A00-000AFF              100
        BANK11           000B00-000BFF              100
        BANK12           000C00-000CFF              100
        BANK13           000D00-000DFF              100
        BANK14           000E00-000EFF              100
        BANK15           000F00-000F37               38
        BANK2            000200-0002FF              100
        BANK3            000300-0003FF              100
        BANK4            000400-0004FF              100
        BANK5            000500-0005FF              100
        BANK6            000600-0006FF              100
        BANK7            000700-0007FF              100
        BANK8            000800-0008FF              100
        BANK9            000900-0009FF              100
        BIGRAM           000054-00005F                C
                         0000DF-0000FF               21
                         000169-000F37              DCF
        BIGSFR           000F38-000FFF               C8
        CODE             000004-000007                4
                         0031D2-00FEBB             CCEA
        COMRAM           000054-00005F                C
        CONST            000004-000007                4
                         0031D2-00FEBB             CCEA
        EEDATA           F00000-F003FF              400
        IDLOC            200000-200007                8
        MEDIUMCONST      0031D2-00FEBB             CCEA
        RAM              0000DF-0000FF               21
                         000169-000F37              100
        SFR              000F38-000FFF               28
        SMALLCONST       0031D2-00FEBB              100

                                  Symbol Table

?___aldiv                                       cstackCOMRAM 00000D
?___awdiv                                       cstackCOMRAM 00000D
?___awmod                                       cstackCOMRAM 00000D
?___fladd                                       cstackCOMRAM 00001B
?___flmul                                       cstackCOMRAM 00001B
?___flsub                                       cstackCOMRAM 000034
?___fltol                                       cstackCOMRAM 00002B
?___lwmod                                       cstackCOMRAM 00000D
?___omul                                        cstackCOMRAM 00000D
?___strtoxll                                    cstackCOMRAM 000025
?___wmul                                        cstackCOMRAM 00000D
?___xxtofl                                      cstackCOMRAM 00000D
?_abs                                           cstackCOMRAM 000013
?_atod                                          cstackBANK0  000086
?_fgetc                                         cstackCOMRAM 000010
?_getch                                         cstackCOMRAM 00000D
?_isalnum                                       cstackCOMRAM 000013
?_isalpha                                       cstackCOMRAM 00000D
?_isdigit                                       cstackCOMRAM 00000D
?_islower                                       cstackCOMRAM 00000D
?_isspace                                       cstackCOMRAM 00000D
?_printf                                        cstackBANK0  000066
?_scanf                                         cstackBANK0  0000AD
?_strtoll                                       cstackBANK0  00007E
?_toupper                                       cstackCOMRAM 000011
?_vfprintf                                      cstackBANK0  000060
?_vfscanf                                       cstackBANK0  0000A1
?_vfsfcnvrt                                     cstackBANK0  00008A
Controller_Func_PI@Controlptr                   cstackCOMRAM 00003E
Controller_Func_PI@Motorptr                     cstackCOMRAM 00003C
Controller_Func_PI@temp                         cstackBANK0  000060
DELAY_milliseconds@milliseconds                 cstackCOMRAM 00000D
ECCP2_CallBack@Filter_Array                     bssBANK0     0000B3
ECCP2_CallBack@capturedValue                    cstackCOMRAM 000001
ECCP2_CallBack@i                                bssCOMRAM    00004E
ECCP2_CaptureISR@module                         cstackCOMRAM 000005
EPWM1_LoadDutyValue@dutyValue                   cstackCOMRAM 00000D
EUSART1_SetErrorHandler@interruptHandler        cstackCOMRAM 00000D
EUSART1_SetFramingErrorHandler@interruptHandler cstackCOMRAM 00000D
EUSART1_SetOverrunErrorHandler@interruptHandler cstackCOMRAM 00000D
EUSART1_Write@txData                            cstackCOMRAM 00000D
FLASH_LEDS@i                                    cstackCOMRAM 000011
FLASH_LEDS@secs                                 cstackCOMRAM 000010
Find_Button_Press@Button_Count                  bssCOMRAM    00004B
Find_Button_Press@Button_State                  bssCOMRAM    00004C
Find_Button_Press@Temp_Press                    bssCOMRAM    00004A
TMR0_ISR_10ms@count                             bssCOMRAM    00004D
TMR0_SetInterruptHandler@InterruptHandler       cstackCOMRAM 00000D
TMR1_WriteTimer@timerVal                        cstackCOMRAM 000001
_ANSELA                                         (abs)        000F38
_ANSELB                                         (abs)        000F39
_ANSELC                                         (abs)        000F3A
_ANSELD                                         (abs)        000F3B
_ANSELE                                         (abs)        000F3C
_BAUDCON1                                       (abs)        000FB8
_Button_Press                                   bssBANK0     0000D2
_CCP1CON                                        (abs)        000FBD
_CCP2CON                                        (abs)        000F66
_CCP2_Captured_Value                            bssCOMRAM    000050
_CCPR1H                                         (abs)        000FBF
_CCPR1L                                         (abs)        000FBE
_CCPR2H                                         (abs)        000F68
_CCPR2L                                         (abs)        000F67
_CCPTMRS0bits                                   (abs)        000F49
_Captured_Flag                                  bitbssCOMRAM 000291
_Controller_Func_PI                             text51       001AA0
_DELAY_milliseconds                             text49       002F44
_ECCP1AS                                        (abs)        000FB6
_ECCP2_CallBack                                 text64       002B24
_ECCP2_CaptureISR                               text63       00313C
_ECCP2_Initialize                               text47       003124
_EPWM1_Initialize                               text46       0030E8
_EPWM1_LoadDutyValue                            text50       002F74
_EUSART1_DefaultErrorHandler                    (abs)        000000
_EUSART1_DefaultFramingErrorHandler             (abs)        000000
_EUSART1_DefaultOverrunErrorHandler             (abs)        000000
_EUSART1_ErrorHandler                           nvBANK0      0000D3
_EUSART1_FramingErrorHandler                    nvBANK0      0000D7
_EUSART1_Initialize                             text42       002DF6
_EUSART1_OverrunErrorHandler                    nvBANK0      0000D5
_EUSART1_Read                                   text18       003024
_EUSART1_SetErrorHandler                        text45       0031BE
_EUSART1_SetFramingErrorHandler                 text44       0031B4
_EUSART1_SetOverrunErrorHandler                 text43       0031AA
_EUSART1_Write                                  text27       003154
_FLASH_LEDS                                     text48       002F12
_Find_Button_Press                              text62       002432
_INTCON2bits                                    (abs)        000FF1
_INTCONbits                                     (abs)        000FF2
_INTERRUPT_Initialize                           text41       0031CC
_INTERRUPT_InterruptManager                     intcode      000008
_LATA                                           (abs)        000F89
_LATB                                           (abs)        000F8A
_LATC                                           (abs)        000F8B
_LATD                                           (abs)        000F8C
_LATE                                           (abs)        000F8D
_OSCCON                                         (abs)        000FD3
_OSCCON2                                        (abs)        000FD2
_OSCILLATOR_Initialize                          text40       003188
_OSCTUNE                                        (abs)        000F9B
_PIE2bits                                       (abs)        000FA0
_PIN_MANAGER_Initialize                         text39       002DB8
_PIR1bits                                       (abs)        000F9E
_PIR2bits                                       (abs)        000FA1
_PORTB                                          (abs)        000F81
_PORTE                                          (abs)        000F84
_PORTEbits                                      (abs)        000F84
_PR2                                            (abs)        000FBB
_PSTR1CON                                       (abs)        000FB9
_PWM1CON                                        (abs)        000FB7
_RCONbits                                       (abs)        000FD0
_RCREG1                                         (abs)        000FAE
_RCSTA1                                         (abs)        000FAB
_RCSTA1bits                                     (abs)        000FAB
_SPBRG1                                         (abs)        000FAF
_SPBRGH1                                        (abs)        000FB0
_SYSTEM_Initialize                              text34       0030C2
_T0CON                                          (abs)        000FD5
_T0CONbits                                      (abs)        000FD5
_T1CON                                          (abs)        000FCD
_T1CONbits                                      (abs)        000FCD
_T1GCON                                         (abs)        000FCC
_T1GCONbits                                     (abs)        000FCC
_T2CON                                          (abs)        000FBA
_T2CONbits                                      (abs)        000FBA
_TICK_E                                         bitbssCOMRAM 000290
_TMR0H                                          (abs)        000FD7
_TMR0L                                          (abs)        000FD6
_TMR0_DefaultInterruptHandler                   text60       0031D0
_TMR0_ISR                                       text59       002EA4
_TMR0_ISR_10ms                                  text61       002D78
_TMR0_Initialize                                text37       002EDC
_TMR0_InterruptHandler                          nvBANK0      0000D9
_TMR0_SetInterruptHandler                       text38       0031A0
_TMR1                                           (abs)        000FCE
_TMR1H                                          (abs)        000FCF
_TMR1L                                          (abs)        000FCE
_TMR1_Initialize                                text36       003108
_TMR1_WriteTimer                                text58       003074
_TMR2                                           (abs)        000FBC
_TMR2_Initialize                                text35       00316A
_TRISA                                          (abs)        000F92
_TRISB                                          (abs)        000F93
_TRISC                                          (abs)        000F94
_TRISD                                          (abs)        000F95
_TRISE                                          (abs)        000F96
_TXREG1                                         (abs)        000FAD
_TXSTA1                                         (abs)        000FAC
_TXSTA1bits                                     (abs)        000FAC
_WPUB                                           (abs)        000F61
__HRAM                                          (abs)        000000
__H__absolute__                                 __absolute__ 000000
__Habs1                                         abs1         000000
__Hbank0                                        bank0        000000
__Hbank1                                        bank1        000000
__Hbank10                                       bank10       000000
__Hbank11                                       bank11       000000
__Hbank12                                       bank12       000000
__Hbank13                                       bank13       000000
__Hbank14                                       bank14       000000
__Hbank15                                       bank15       000000
__Hbank2                                        bank2        000000
__Hbank3                                        bank3        000000
__Hbank4                                        bank4        000000
__Hbank5                                        bank5        000000
__Hbank6                                        bank6        000000
__Hbank7                                        bank7        000000
__Hbank8                                        bank8        000000
__Hbank9                                        bank9        000000
__Hbigbss                                       bigbss       000000
__Hbigdata                                      bigdata      000000
__Hbigram                                       bigram       000000
__Hbigsfr                                       bigsfr       000000
__HbitbssCOMRAM                                 bitbssCOMRAM 000000
__Hbss                                          bss          000000
__HbssBANK0                                     bssBANK0     000000
__HbssBANK1                                     bssBANK1     000000
__HbssCOMRAM                                    bssCOMRAM    000000
__Hcinit                                        cinit        000000
__Hclrtext                                      clrtext      000000
__Hcomram                                       comram       000000
__Hconfig                                       config       30000E
__Hconst                                        const        000000
__HcstackBANK0                                  cstackBANK0  000000
__HcstackBANK1                                  cstackBANK1  000000
__HcstackCOMRAM                                 cstackCOMRAM 000000
__Hdata                                         data         000000
__HdataBANK0                                    dataBANK0    000000
__Heeprom_data                                  eeprom_data  000000
__Hfarbss                                       farbss       000000
__Hfardata                                      fardata      000000
__Hheap                                         heap         000000
__Hibigdata                                     ibigdata     000000
__Hidata                                        idata        000000
__HidataBANK0                                   idataBANK0   000000
__Hidloc                                        idloc        000000
__Hifardata                                     ifardata     000000
__Hinit                                         init         00009C
__Hintcode                                      intcode      000098
__Hintcode_body                                 intcode_body 000000
__Hintcodelo                                    intcodelo    000098
__Hintentry                                     intentry     000000
__Hintret                                       intret       000000
__Hintsave_regs                                 intsave_regs 000000
__Hirdata                                       irdata       000000
__Hmediumconst                                  mediumconst  010000
__HnvBANK0                                      nvBANK0      000000
__HnvFARRAM                                     nvFARRAM     000000
__Hnvbit                                        nvbit        000000
__Hnvrram                                       nvrram       000000
__Hparam                                        rparam       000000
__Hpowerup                                      powerup      000098
__Hram                                          ram          000000
__Hramtop                                       ramtop       001000
__Hrbit                                         rbit         000000
__Hrbss                                         rbss         000000
__Hrdata                                        rdata        000000
__Hreset_vec                                    reset_vec    000004
__Hrparam                                       rparam       000000
__Hsfr                                          sfr          000000
__Hsmallconst                                   smallconst   000000
__Hspace_0                                      (abs)        010000
__Hspace_1                                      (abs)        000292
__Hspace_2                                      (abs)        000000
__Hspace_4                                      (abs)        60000E
__Hstack                                        stack        000000
__Hstruct                                       struct       000000
__Htemp                                         temp         000054
__Htext                                         text         000000
__Htext0                                        text0        000000
__Htext1                                        text1        000000
__Htext10                                       text10       000000
__Htext11                                       text11       000000
__Htext12                                       text12       000000
__Htext13                                       text13       000000
__Htext14                                       text14       000000
__Htext15                                       text15       000000
__Htext16                                       text16       000000
__Htext17                                       text17       000000
__Htext18                                       text18       000000
__Htext19                                       text19       000000
__Htext2                                        text2        000000
__Htext20                                       text20       000000
__Htext21                                       text21       000000
__Htext22                                       text22       000000
__Htext23                                       text23       000000
__Htext24                                       text24       000000
__Htext25                                       text25       000000
__Htext26                                       text26       000000
__Htext27                                       text27       000000
__Htext28                                       text28       000000
__Htext29                                       text29       000000
__Htext3                                        text3        000000
__Htext30                                       text30       000000
__Htext31                                       text31       000000
__Htext32                                       text32       000000
__Htext33                                       text33       000000
__Htext34                                       text34       000000
__Htext35                                       text35       000000
__Htext36                                       text36       000000
__Htext37                                       text37       000000
__Htext38                                       text38       000000
__Htext39                                       text39       000000
__Htext4                                        text4        000000
__Htext40                                       text40       000000
__Htext41                                       text41       000000
__Htext42                                       text42       000000
__Htext43                                       text43       000000
__Htext44                                       text44       000000
__Htext45                                       text45       000000
__Htext46                                       text46       000000
__Htext47                                       text47       000000
__Htext48                                       text48       000000
__Htext49                                       text49       000000
__Htext5                                        text5        000000
__Htext50                                       text50       000000
__Htext51                                       text51       000000
__Htext52                                       text52       000000
__Htext53                                       text53       000000
__Htext54                                       text54       000000
__Htext55                                       text55       000000
__Htext56                                       text56       000000
__Htext58                                       text58       000000
__Htext59                                       text59       000000
__Htext6                                        text6        000000
__Htext60                                       text60       000000
__Htext61                                       text61       000000
__Htext62                                       text62       000000
__Htext63                                       text63       000000
__Htext64                                       text64       000000
__Htext65                                       text65       000000
__Htext7                                        text7        000000
__Htext8                                        text8        000000
__Htext9                                        text9        000000
__LRAM                                          (abs)        000001
__L__absolute__                                 __absolute__ 000000
__Labs1                                         abs1         000000
__Lbank0                                        bank0        000000
__Lbank1                                        bank1        000000
__Lbank10                                       bank10       000000
__Lbank11                                       bank11       000000
__Lbank12                                       bank12       000000
__Lbank13                                       bank13       000000
__Lbank14                                       bank14       000000
__Lbank15                                       bank15       000000
__Lbank2                                        bank2        000000
__Lbank3                                        bank3        000000
__Lbank4                                        bank4        000000
__Lbank5                                        bank5        000000
__Lbank6                                        bank6        000000
__Lbank7                                        bank7        000000
__Lbank8                                        bank8        000000
__Lbank9                                        bank9        000000
__Lbigbss                                       bigbss       000000
__Lbigdata                                      bigdata      000000
__Lbigram                                       bigram       000000
__Lbigsfr                                       bigsfr       000000
__LbitbssCOMRAM                                 bitbssCOMRAM 000000
__Lbss                                          bss          000000
__LbssBANK0                                     bssBANK0     000000
__LbssBANK1                                     bssBANK1     000000
__LbssCOMRAM                                    bssCOMRAM    000000
__Lcinit                                        cinit        000000
__Lclrtext                                      clrtext      000000
__Lcomram                                       comram       000000
__Lconfig                                       config       000000
__Lconst                                        const        000000
__LcstackBANK0                                  cstackBANK0  000000
__LcstackBANK1                                  cstackBANK1  000000
__LcstackCOMRAM                                 cstackCOMRAM 000000
__Ldata                                         data         000000
__LdataBANK0                                    dataBANK0    000000
__Leeprom_data                                  eeprom_data  000000
__Lfarbss                                       farbss       000000
__Lfardata                                      fardata      000000
__Lheap                                         heap         000000
__Libigdata                                     ibigdata     000000
__Lidata                                        idata        000000
__LidataBANK0                                   idataBANK0   000000
__Lidloc                                        idloc        000000
__Lifardata                                     ifardata     000000
__Linit                                         init         000098
__Lintcode                                      intcode      000008
__Lintcode_body                                 intcode_body 000000
__Lintcodelo                                    intcodelo    000098
__Lintentry                                     intentry     000000
__Lintret                                       intret       000000
__Lintsave_regs                                 intsave_regs 000000
__Lirdata                                       irdata       000000
__Lmediumconst                                  mediumconst  00FEBC
__LnvBANK0                                      nvBANK0      000000
__LnvFARRAM                                     nvFARRAM     000000
__Lnvbit                                        nvbit        000000
__Lnvrram                                       nvrram       000000
__Lparam                                        rparam       000000
__Lpowerup                                      powerup      000098
__Lram                                          ram          000000
__Lramtop                                       ramtop       001000
__Lrbit                                         rbit         000000
__Lrbss                                         rbss         000000
__Lrdata                                        rdata        000000
__Lreset_vec                                    reset_vec    000000
__Lrparam                                       rparam       000000
__Lsfr                                          sfr          000000
__Lsmallconst                                   smallconst   000000
__Lspace_0                                      (abs)        000000
__Lspace_1                                      (abs)        000000
__Lspace_2                                      (abs)        000000
__Lspace_4                                      (abs)        000000
__Lstack                                        stack        000000
__Lstruct                                       struct       000000
__Ltemp                                         temp         000053
__Ltext                                         text         000000
__Ltext0                                        text0        000000
__Ltext1                                        text1        000000
__Ltext10                                       text10       000000
__Ltext11                                       text11       000000
__Ltext12                                       text12       000000
__Ltext13                                       text13       000000
__Ltext14                                       text14       000000
__Ltext15                                       text15       000000
__Ltext16                                       text16       000000
__Ltext17                                       text17       000000
__Ltext18                                       text18       000000
__Ltext19                                       text19       000000
__Ltext2                                        text2        000000
__Ltext20                                       text20       000000
__Ltext21                                       text21       000000
__Ltext22                                       text22       000000
__Ltext23                                       text23       000000
__Ltext24                                       text24       000000
__Ltext25                                       text25       000000
__Ltext26                                       text26       000000
__Ltext27                                       text27       000000
__Ltext28                                       text28       000000
__Ltext29                                       text29       000000
__Ltext3                                        text3        000000
__Ltext30                                       text30       000000
__Ltext31                                       text31       000000
__Ltext32                                       text32       000000
__Ltext33                                       text33       000000
__Ltext34                                       text34       000000
__Ltext35                                       text35       000000
__Ltext36                                       text36       000000
__Ltext37                                       text37       000000
__Ltext38                                       text38       000000
__Ltext39                                       text39       000000
__Ltext4                                        text4        000000
__Ltext40                                       text40       000000
__Ltext41                                       text41       000000
__Ltext42                                       text42       000000
__Ltext43                                       text43       000000
__Ltext44                                       text44       000000
__Ltext45                                       text45       000000
__Ltext46                                       text46       000000
__Ltext47                                       text47       000000
__Ltext48                                       text48       000000
__Ltext49                                       text49       000000
__Ltext5                                        text5        000000
__Ltext50                                       text50       000000
__Ltext51                                       text51       000000
__Ltext52                                       text52       000000
__Ltext53                                       text53       000000
__Ltext54                                       text54       000000
__Ltext55                                       text55       000000
__Ltext56                                       text56       000000
__Ltext58                                       text58       000000
__Ltext59                                       text59       000000
__Ltext6                                        text6        000000
__Ltext60                                       text60       000000
__Ltext61                                       text61       000000
__Ltext62                                       text62       000000
__Ltext63                                       text63       000000
__Ltext64                                       text64       000000
__Ltext65                                       text65       000000
__Ltext7                                        text7        000000
__Ltext8                                        text8        000000
__Ltext9                                        text9        000000
__S0                                            (abs)        010000
__S1                                            (abs)        000169
__S4                                            (abs)        000000
__S5                                            (abs)        000000
___aldiv                                        text33       002220
___aldiv@counter                                cstackCOMRAM 000015
___aldiv@dividend                               cstackCOMRAM 00000D
___aldiv@divisor                                cstackCOMRAM 000011
___aldiv@quotient                               cstackCOMRAM 000017
___aldiv@sign                                   cstackCOMRAM 000016
___awdiv                                        text30       0026A2
___awdiv@counter                                cstackCOMRAM 000011
___awdiv@dividend                               cstackCOMRAM 00000D
___awdiv@divisor                                cstackCOMRAM 00000F
___awdiv@quotient                               cstackCOMRAM 000013
___awdiv@sign                                   cstackCOMRAM 000012
___awmod                                        text29       00281C
___awmod@counter                                cstackCOMRAM 000011
___awmod@dividend                               cstackCOMRAM 00000D
___awmod@divisor                                cstackCOMRAM 00000F
___awmod@sign                                   cstackCOMRAM 000012
___fladd                                        text55       000BE6
___fladd@a                                      cstackCOMRAM 00001F
___fladd@aexp                                   cstackCOMRAM 000028
___fladd@b                                      cstackCOMRAM 00001B
___fladd@bexp                                   cstackCOMRAM 000029
___fladd@grs                                    cstackCOMRAM 00002A
___fladd@signs                                  cstackCOMRAM 000027
___flmul                                        text56       0010A6
___flmul@a                                      cstackCOMRAM 00001F
___flmul@aexp                                   cstackCOMRAM 000028
___flmul@b                                      cstackCOMRAM 00001B
___flmul@bexp                                   cstackCOMRAM 00002D
___flmul@grs                                    cstackCOMRAM 000029
___flmul@prod                                   cstackCOMRAM 00002E
___flmul@sign                                   cstackCOMRAM 000027
___flmul@temp                                   cstackCOMRAM 000032
___flsub                                        text54       002C6C
___flsub@a                                      cstackCOMRAM 000038
___flsub@b                                      cstackCOMRAM 000034
___fltol                                        text53       00232C
___fltol@exp1                                   cstackCOMRAM 000034
___fltol@f1                                     cstackCOMRAM 00002B
___fltol@sign1                                  cstackCOMRAM 000033
___heap_hi                                      (abs)        000000
___heap_lo                                      (abs)        000000
___inthi_sp                                     stack        000000
___intlo_sp                                     stack        000000
___lwmod                                        text32       002A60
___lwmod@counter                                cstackCOMRAM 000011
___lwmod@dividend                               cstackCOMRAM 00000D
___lwmod@divisor                                cstackCOMRAM 00000F
___omul                                         text12       0028CC
___omul@multiplicand                            cstackCOMRAM 000015
___omul@multiplier                              cstackCOMRAM 00000D
___omul@product                                 cstackCOMRAM 00001D
___param_bank                                   (abs)        000000
___rparam_used                                  (abs)        000001
___sp                                           stack        000000
___strtoxll                                     text6        000676
___strtoxll@a                                   cstackBANK0  000073
___strtoxll@base                                cstackCOMRAM 000029
___strtoxll@c                                   cstackBANK0  00007D
___strtoxll@conv_done                           cstackBANK0  000068
___strtoxll@cp                                  cstackBANK0  00007B
___strtoxll@endptr                              cstackCOMRAM 000027
___strtoxll@is_signed                           cstackCOMRAM 00002B
___strtoxll@limit                               cstackBANK0  000069
___strtoxll@prev_a                              cstackBANK0  000060
___strtoxll@s                                   cstackCOMRAM 000025
___strtoxll@sign                                cstackBANK0  000071
___strtoxll@skip                                cstackBANK0  000072
___wmul                                         text31       00309C
___wmul@multiplicand                            cstackCOMRAM 00000F
___wmul@multiplier                              cstackCOMRAM 00000D
___wmul@product                                 cstackCOMRAM 000011
___xxtofl                                       text52       001C8E
___xxtofl@arg                                   cstackCOMRAM 000017
___xxtofl@exp                                   cstackCOMRAM 000016
___xxtofl@sign                                  cstackCOMRAM 000015
___xxtofl@val                                   cstackCOMRAM 00000D
__accesstop                                     (abs)        000060
__activetblptr                                  (abs)        000003
__end_of_Controller_Func_PI                     text51       001C8E
__end_of_DELAY_milliseconds                     text49       002F74
__end_of_ECCP2_CallBack                         text64       002B84
__end_of_ECCP2_CaptureISR                       text63       003154
__end_of_ECCP2_Initialize                       text47       00313C
__end_of_EPWM1_Initialize                       text46       003108
__end_of_EPWM1_LoadDutyValue                    text50       002FA4
__end_of_EUSART1_Initialize                     text42       002E34
__end_of_EUSART1_Read                           text18       00304C
__end_of_EUSART1_SetErrorHandler                text45       0031C8
__end_of_EUSART1_SetFramingErrorHandler         text44       0031BE
__end_of_EUSART1_SetOverrunErrorHandler         text43       0031B4
__end_of_EUSART1_Write                          text27       00316A
__end_of_FLASH_LEDS                             text48       002F44
__end_of_Find_Button_Press                      text62       002508
__end_of_INTERRUPT_Initialize                   text41       0031D0
__end_of_INTERRUPT_InterruptManager             intcode      000098
__end_of_OSCILLATOR_Initialize                  text40       003196
__end_of_PIN_MANAGER_Initialize                 text39       002DF6
__end_of_SYSTEM_Initialize                      text34       0030E8
__end_of_TMR0_DefaultInterruptHandler           text60       0031D2
__end_of_TMR0_ISR                               text59       002EDC
__end_of_TMR0_ISR_10ms                          text61       002DB8
__end_of_TMR0_Initialize                        text37       002F12
__end_of_TMR0_SetInterruptHandler               text38       0031AA
__end_of_TMR1_Initialize                        text36       003124
__end_of_TMR1_WriteTimer                        text58       00309C
__end_of_TMR2_Initialize                        text35       00317A
__end_of___aldiv                                text33       00232C
__end_of___awdiv                                text30       002766
__end_of___awmod                                text29       0028CC
__end_of___fladd                                text55       0010A6
__end_of___flmul                                text56       0014D0
__end_of___flsub                                text54       002CB2
__end_of___fltol                                text53       002432
__end_of___lwmod                                text32       002AC4
__end_of___omul                                 text12       00296A
__end_of___strtoxll                             text6        000BE6
__end_of___wmul                                 text31       0030C2
__end_of___xxtofl                               text52       001E42
__end_of__initialization                        cinit        002C1C
__end_of_abs                                    text28       002D78
__end_of_atod                                   text4        001AA0
__end_of_dtoa                                   text22       001FD8
__end_of_fgetc                                  text16       002220
__end_of_fputc                                  text25       0026A2
__end_of_fputs                                  text24       002CF6
__end_of_getch                                  text17       003188
__end_of_isalnum                                text10       002B24
__end_of_isalpha                                text11       002EA4
__end_of_isdigit                                text9        002FFC
__end_of_islower                                text8        002FD0
__end_of_isspace                                text15       002C6C
__end_of_main                                   text0        000676
__end_of_pad                                    text23       002A60
__end_of_printf                                 text19       003074
__end_of_putch                                  text26       0031A0
__end_of_scanf                                  text1        003024
__end_of_skipws                                 text13       0029E6
__end_of_strtoll                                text5        002D38
__end_of_toupper                                text7        002E6C
__end_of_ungetc                                 text14       00281C
__end_of_vfpfcnvrt                              text21       002104
__end_of_vfprintf                               text20       002BD6
__end_of_vfscanf                                text2        0025D8
__end_of_vfsfcnvrt                              text3        00186C
__initialization                                cinit        002BD6
__mediumconst                                   mediumconst  00FEBC
__pbitbssCOMRAM                                 bitbssCOMRAM 000290
__pbssBANK0                                     bssBANK0     0000B3
__pbssBANK1                                     bssBANK1     000100
__pbssCOMRAM                                    bssCOMRAM    000047
__pcinit                                        cinit        002BD6
__pcstackBANK0                                  cstackBANK0  000060
__pcstackBANK1                                  cstackBANK1  000140
__pcstackCOMRAM                                 cstackCOMRAM 000001
__pdataBANK0                                    dataBANK0    0000DB
__pidataBANK0                                   idataBANK0   0031C8
__pintcode                                      intcode      000008
__pmediumconst                                  mediumconst  00FEBC
__pnvBANK0                                      nvBANK0      0000D3
__ptext0                                        text0        00009C
__ptext1                                        text1        002FFC
__ptext10                                       text10       002AC4
__ptext11                                       text11       002E6C
__ptext12                                       text12       0028CC
__ptext13                                       text13       00296A
__ptext14                                       text14       002766
__ptext15                                       text15       002C26
__ptext16                                       text16       002104
__ptext17                                       text17       00317A
__ptext18                                       text18       003024
__ptext19                                       text19       00304C
__ptext2                                        text2        002508
__ptext20                                       text20       002B84
__ptext21                                       text21       001FD8
__ptext22                                       text22       001E42
__ptext23                                       text23       0029E6
__ptext24                                       text24       002CB2
__ptext25                                       text25       0025D8
__ptext26                                       text26       003196
__ptext27                                       text27       003154
__ptext28                                       text28       002D38
__ptext29                                       text29       00281C
__ptext3                                        text3        0014D0
__ptext30                                       text30       0026A2
__ptext31                                       text31       00309C
__ptext32                                       text32       002A60
__ptext33                                       text33       002220
__ptext34                                       text34       0030C2
__ptext35                                       text35       00316A
__ptext36                                       text36       003108
__ptext37                                       text37       002EDC
__ptext38                                       text38       0031A0
__ptext39                                       text39       002DB8
__ptext4                                        text4        00186C
__ptext40                                       text40       003188
__ptext41                                       text41       0031CC
__ptext42                                       text42       002DF6
__ptext43                                       text43       0031AA
__ptext44                                       text44       0031B4
__ptext45                                       text45       0031BE
__ptext46                                       text46       0030E8
__ptext47                                       text47       003124
__ptext48                                       text48       002F12
__ptext49                                       text49       002F44
__ptext5                                        text5        002CF6
__ptext50                                       text50       002F74
__ptext51                                       text51       001AA0
__ptext52                                       text52       001C8E
__ptext53                                       text53       00232C
__ptext54                                       text54       002C6C
__ptext55                                       text55       000BE6
__ptext56                                       text56       0010A6
__ptext58                                       text58       003074
__ptext59                                       text59       002EA4
__ptext6                                        text6        000676
__ptext60                                       text60       0031D0
__ptext61                                       text61       002D78
__ptext62                                       text62       002432
__ptext63                                       text63       00313C
__ptext64                                       text64       002B24
__ptext65                                       text65       000000
__ptext7                                        text7        002E34
__ptext8                                        text8        002FA4
__ptext9                                        text9        002FD0
__ramtop                                        ramtop       001000
__smallconst                                    smallconst   000000
_abs                                            text28       002D38
_asup                                           bssBANK0     0000D0
_atod                                           text4        00186C
_dbuf                                           bssBANK1     000120
_dbuf@doscan$F2063                              bssBANK1     000100
_dtoa                                           text22       001E42
_dtoa$1946                                      cstackCOMRAM 00002E
_errno                                          bssBANK0     0000C8
_eusart1RxLastError                             bssCOMRAM    00004F
_fgetc                                          text16       002104
_flags                                          bssBANK0     0000D1
_fputc                                          text25       0025D8
_fputs                                          text24       002CB2
_getch                                          text17       00317A
_isalnum                                        text10       002AC4
_isalnum$2203                                   cstackCOMRAM 000019
_isalpha                                        text11       002E6C
_isdigit                                        text9        002FD0
_islower                                        text8        002FA4
_isspace                                        text15       002C26
_isspace$2112                                   cstackCOMRAM 000011
_main                                           text0        00009C
_ncnv                                           bssBANK0     0000C4
_nmatch                                         bssBANK0     0000C2
_pad                                            text23       0029E6
_prec                                           bssBANK0     0000CC
_printf                                         text19       00304C
_putch                                          text26       003196
_scanf                                          text1        002FFC
_skipws                                         text13       00296A
_strtoll                                        text5        002CF6
_timer0ReloadVal                                bssCOMRAM    000047
_timer1ReloadVal                                bssBANK0     0000CE
_toupper                                        text7        002E34
_ungetbuf                                       bssBANK0     0000BF
_ungetc                                         text14       002766
_ungetcnt                                       bssCOMRAM    000049
_vfpfcnvrt                                      text21       001FD8
_vfprintf                                       text20       002B84
_vfscanf                                        text2        002508
_vfsfcnvrt                                      text3        0014D0
_width                                          bssBANK0     0000CA
_width@doscan$F2060                             bssBANK0     0000C6
abs@a                                           cstackCOMRAM 000013
atod@c                                          cstackCOMRAM 000043
atod@ep                                         cstackCOMRAM 00003D
atod@fp                                         cstackBANK0  000086
atod@i                                          cstackCOMRAM 000041
atod@pll                                        cstackBANK0  000088
atod@w                                          cstackCOMRAM 00003F
btemp                                           temp         000053
dtoa@d                                          cstackCOMRAM 00002C
dtoa@fp                                         cstackCOMRAM 00002A
dtoa@i                                          cstackCOMRAM 000035
dtoa@p                                          cstackCOMRAM 000030
dtoa@s                                          cstackCOMRAM 000034
dtoa@w                                          cstackCOMRAM 000032
end_of_initialization                           cinit        002C1C
fgetc@c                                         cstackCOMRAM 000017
fgetc@fp                                        cstackCOMRAM 000010
fputc@c                                         cstackCOMRAM 00000F
fputc@fp                                        cstackCOMRAM 000011
fputs@c                                         cstackCOMRAM 00001C
fputs@fp                                        cstackCOMRAM 00001A
fputs@i                                         cstackCOMRAM 00001D
fputs@s                                         cstackCOMRAM 000018
int$flags                                       temp         000053
intlevel0                                       text         000000
intlevel1                                       text         000000
intlevel2                                       text         000000
intlevel3                                       text         000000
isa$std                                         (abs)        000001
isa$xinst                                       (abs)        000000
isalnum@c                                       cstackCOMRAM 000013
isalpha@c                                       cstackCOMRAM 00000D
isdigit@c                                       cstackCOMRAM 00000D
islower@c                                       cstackCOMRAM 00000D
isspace@c                                       cstackCOMRAM 00000D
main@Choice                                     cstackBANK1  000140
main@Control1                                   cstackBANK1  000157
main@Desired_Value                              cstackBANK1  000143
main@F6466                                      dataBANK0    0000DB
main@Freq                                       cstackBANK1  000147
main@Motor1                                     cstackBANK1  000153
main@PWM_Duty                                   cstackBANK1  00014B
main@RPM                                        cstackBANK1  000149
main@State_Mch                                  cstackBANK1  00014F
main@ch                                         cstackBANK1  000142
main@i                                          cstackBANK1  000150
main@j                                          cstackBANK1  000152
pad@buf                                         cstackCOMRAM 000021
pad@fp                                          cstackCOMRAM 00001F
pad@i                                           cstackCOMRAM 000026
pad@p                                           cstackCOMRAM 000023
pad@w                                           cstackCOMRAM 000028
printf@ap                                       cstackBANK0  00006A
printf@fmt                                      cstackBANK0  000066
putch@txData                                    cstackCOMRAM 00000E
scanf@ap                                        cstackCOMRAM 000045
scanf@fmt                                       cstackBANK0  0000AD
skipws@c                                        cstackCOMRAM 00001D
skipws@fp                                       cstackCOMRAM 000019
stackhi                                         (abs)        000000
stacklo                                         (abs)        000000
start                                           init         000098
start_initialization                            cinit        002BD6
strtoll@base                                    cstackBANK0  000082
strtoll@endptr                                  cstackBANK0  000080
strtoll@s                                       cstackBANK0  00007E
toupper@c                                       cstackCOMRAM 000011
ttemp5                                          temp         000054
ttemp6                                          temp         000057
ttemp7                                          temp         00005B
ungetc@c                                        cstackCOMRAM 00000D
ungetc@fp                                       cstackCOMRAM 00000F
vfpfcnvrt@ap                                    cstackCOMRAM 00003B
vfpfcnvrt@convarg                               cstackCOMRAM 00003F
vfpfcnvrt@cp                                    cstackCOMRAM 000043
vfpfcnvrt@fmt                                   cstackCOMRAM 000039
vfpfcnvrt@fp                                    cstackCOMRAM 000037
vfprintf@ap                                     cstackBANK0  000064
vfprintf@cfmt                                   cstackCOMRAM 000045
vfprintf@fmt                                    cstackBANK0  000062
vfprintf@fp                                     cstackBANK0  000060
vfscanf@ap                                      cstackBANK0  0000A5
vfscanf@cfmt                                    cstackBANK0  0000AB
vfscanf@fmt                                     cstackBANK0  0000A3
vfscanf@fp                                      cstackBANK0  0000A1
vfscanf@n                                       cstackBANK0  0000A9
vfscanf@saved_errno                             cstackBANK0  0000A7
vfsfcnvrt@ap                                    cstackBANK0  00008E
vfsfcnvrt@c                                     cstackBANK0  00009F
vfsfcnvrt@fmt                                   cstackBANK0  00008C
vfsfcnvrt@fp                                    cstackBANK0  00008A
vfsfcnvrt@i                                     cstackBANK0  000095
vfsfcnvrt@ll                                    cstackBANK0  000097
vfsfcnvrt@vp                                    cstackBANK0  000093
wtemp8                                          temp         000054


MODULE INFORMATION

Module		Function		Class		Link	Load	Size
C:\Program Files\Microchip\xc8\v2.41\pic\sources\c99\common\awmod.c
		___awmod       		CODE           	281C	0000	176

C:\Program Files\Microchip\xc8\v2.41\pic\sources\c99\common\awmod.c estimated size: 176

C:\Program Files\Microchip\xc8\v2.41\pic\sources\c99\common\toupper.c
		_toupper       		CODE           	2E34	0000	56

C:\Program Files\Microchip\xc8\v2.41\pic\sources\c99\common\toupper.c estimated size: 56

C:\Program Files\Microchip\xc8\v2.41\pic\sources\c99\common\isalpha.c
		_isalpha       		CODE           	2E6C	0000	56

C:\Program Files\Microchip\xc8\v2.41\pic\sources\c99\common\isalpha.c estimated size: 56

C:\Program Files\Microchip\xc8\v2.41\pic\sources\c99\common\__strtoxll.c
		___strtoxll    		CODE           	0676	0000	1392

C:\Program Files\Microchip\xc8\v2.41\pic\sources\c99\common\__strtoxll.c estimated size: 1392

C:\Program Files\Microchip\xc8\v2.41\pic\sources\c99\common\fltol.c
		___fltol       		CODE           	232C	0000	262

C:\Program Files\Microchip\xc8\v2.41\pic\sources\c99\common\fltol.c estimated size: 262

C:\Program Files\Microchip\xc8\v2.41\pic\sources\c99\common\xxtofl.c
		___xxtofl      		CODE           	1C8E	0000	436

C:\Program Files\Microchip\xc8\v2.41\pic\sources\c99\common\xxtofl.c estimated size: 436

mcc_generated_files/tmr2.c
		_TMR2_Initialize		CODE           	316A	0000	16

mcc_generated_files/tmr2.c estimated size: 16

mcc_generated_files/interrupt_manager.c
		_INTERRUPT_Initialize		CODE           	31CC	0000	4
		_INTERRUPT_InterruptManager		CODE           	0008	0000	144

mcc_generated_files/interrupt_manager.c estimated size: 148

C:\Program Files\Microchip\xc8\v2.41\pic\sources\c99\common\nf_fputc.c
		_fputc         		CODE           	25D8	0000	202

C:\Program Files\Microchip\xc8\v2.41\pic\sources\c99\common\nf_fputc.c estimated size: 202

C:\Program Files\Microchip\xc8\v2.41\pic\sources\c99\common\scanf.c
		_scanf         		CODE           	2FFC	0000	40

C:\Program Files\Microchip\xc8\v2.41\pic\sources\c99\common\scanf.c estimated size: 40

mcc_generated_files/tmr0.c
		_TMR0_SetInterruptHandler		CODE           	31A0	0000	10
		_TMR0_DefaultInterruptHandler		CODE           	31D0	0000	2
		_TMR0_ISR      		CODE           	2EA4	0000	56
		_TMR0_Initialize		CODE           	2EDC	0000	54

mcc_generated_files/tmr0.c estimated size: 122

C:\Program Files\Microchip\xc8\v2.41\pic\sources\c99\common\isdigit.c
		_isdigit       		CODE           	2FD0	0000	44

C:\Program Files\Microchip\xc8\v2.41\pic\sources\c99\common\isdigit.c estimated size: 44

mcc_generated_files/pin_manager.c
		_PIN_MANAGER_Initialize		CODE           	2DB8	0000	62

mcc_generated_files/pin_manager.c estimated size: 62

C:\Program Files\Microchip\xc8\v2.41\pic\sources\c99\common\sprcadd.c
		___flsub       		CODE           	2C6C	0000	70
		___fladd       		CODE           	0BE6	0000	1216

C:\Program Files\Microchip\xc8\v2.41\pic\sources\c99\common\sprcadd.c estimated size: 1286

C:\Program Files\Microchip\xc8\v2.41\pic\sources\c99\common\awdiv.c
		___awdiv       		CODE           	26A2	0000	196

C:\Program Files\Microchip\xc8\v2.41\pic\sources\c99\common\awdiv.c estimated size: 196

../motort.c
		_Controller_Func_PI		CODE           	1AA0	0000	494

../motort.c estimated size: 494

C:\Program Files\Microchip\xc8\v2.41\pic\sources\c99\common\aldiv.c
		___aldiv       		CODE           	2220	0000	268

C:\Program Files\Microchip\xc8\v2.41\pic\sources\c99\common\aldiv.c estimated size: 268

C:\Program Files\Microchip\xc8\v2.41\pic\sources\c99\common\abs.c
		_abs           		CODE           	2D38	0000	64

C:\Program Files\Microchip\xc8\v2.41\pic\sources\c99\common\abs.c estimated size: 64

C:\Program Files\Microchip\xc8\v2.41\pic\sources\c99\common\doprnt.c
		_vfpfcnvrt     		CODE           	1FD8	0000	300
		_pad           		CODE           	29E6	0000	122
		_dtoa          		CODE           	1E42	0000	406
		_vfprintf      		CODE           	2B84	0000	82

C:\Program Files\Microchip\xc8\v2.41\pic\sources\c99\common\doprnt.c estimated size: 910

C:\Program Files\Microchip\xc8\v2.41\pic\sources\c99\common\nf_getc.c
		_fgetc         		CODE           	2104	0000	284
		_ungetc        		CODE           	2766	0000	182

C:\Program Files\Microchip\xc8\v2.41\pic\sources\c99\common\nf_getc.c estimated size: 466

mcc_generated_files/eccp2.c
		_ECCP2_CaptureISR		CODE           	313C	0000	24
		_ECCP2_CallBack		CODE           	2B24	0000	96
		_ECCP2_Initialize		CODE           	3124	0000	24

mcc_generated_files/eccp2.c estimated size: 144

C:\Program Files\Microchip\xc8\v2.41\pic\sources\c99\common\isalnum.c
		_isalnum       		CODE           	2AC4	0000	96

C:\Program Files\Microchip\xc8\v2.41\pic\sources\c99\common\isalnum.c estimated size: 96

../Buton_Debounce_and_LibraryFolders/Button_Debounce_Library/Buttons_Debounce.c
		_Find_Button_Press		CODE           	2432	0000	214

../Buton_Debounce_and_LibraryFolders/Button_Debounce_Library/Buttons_Debounce.c estimated size: 214

shared
		__initialization		CODE           	2BD6	0000	70

shared estimated size: 70

mcc_generated_files/eusart1.c
		_EUSART1_Initialize		CODE           	2DF6	0000	62
		_putch         		CODE           	3196	0000	10
		_EUSART1_SetFramingErrorHandler		CODE           	31B4	0000	10
		_EUSART1_Read  		CODE           	3024	0000	40
		_EUSART1_SetOverrunErrorHandler		CODE           	31AA	0000	10
		_EUSART1_SetErrorHandler		CODE           	31BE	0000	10
		_EUSART1_Write 		CODE           	3154	0000	22
		_getch         		CODE           	317A	0000	14

mcc_generated_files/eusart1.c estimated size: 178

mcc_generated_files/mcc.c
		_OSCILLATOR_Initialize		CODE           	3188	0000	14
		_SYSTEM_Initialize		CODE           	30C2	0000	38

mcc_generated_files/mcc.c estimated size: 52

mcc_generated_files/tmr1.c
		_TMR1_Initialize		CODE           	3108	0000	28
		_TMR1_WriteTimer		CODE           	3074	0000	40

mcc_generated_files/tmr1.c estimated size: 68

C:\Program Files\Microchip\xc8\v2.41\pic\sources\c99\common\doscan.c
		_vfsfcnvrt     		CODE           	14D0	0000	924
		_vfscanf       		CODE           	2508	0000	208
		_skipws        		CODE           	296A	0000	124
		_atod          		CODE           	186C	0000	564

C:\Program Files\Microchip\xc8\v2.41\pic\sources\c99\common\doscan.c estimated size: 1820

mcc_generated_files/epwm1.c
		_EPWM1_LoadDutyValue		CODE           	2F74	0000	48
		_EPWM1_Initialize		CODE           	30E8	0000	32

mcc_generated_files/epwm1.c estimated size: 80

C:\Program Files\Microchip\xc8\v2.41\pic\sources\c99\common\Umul64.c
		___omul        		CODE           	28CC	0000	158

C:\Program Files\Microchip\xc8\v2.41\pic\sources\c99\common\Umul64.c estimated size: 158

C:\Program Files\Microchip\xc8\v2.41\pic\sources\c99\common\Umul16.c
		___wmul        		CODE           	309C	0000	38

C:\Program Files\Microchip\xc8\v2.41\pic\sources\c99\common\Umul16.c estimated size: 38

C:\Program Files\Microchip\xc8\v2.41\pic\sources\c99\common\nf_fputs.c
		_fputs         		CODE           	2CB2	0000	68

C:\Program Files\Microchip\xc8\v2.41\pic\sources\c99\common\nf_fputs.c estimated size: 68

mcc_generated_files/delay.c
		_DELAY_milliseconds		CODE           	2F44	0000	48

mcc_generated_files/delay.c estimated size: 48

C:\Program Files\Microchip\xc8\v2.41\pic\sources\c99\common\isspace.c
		_isspace       		CODE           	2C26	0000	70

C:\Program Files\Microchip\xc8\v2.41\pic\sources\c99\common\isspace.c estimated size: 70

C:\Program Files\Microchip\xc8\v2.41\pic\sources\c99\common\strtoll.c
		_strtoll       		CODE           	2CF6	0000	66

C:\Program Files\Microchip\xc8\v2.41\pic\sources\c99\common\strtoll.c estimated size: 66

C:\Program Files\Microchip\xc8\v2.41\pic\sources\c99\common\islower.c
		_islower       		CODE           	2FA4	0000	44

C:\Program Files\Microchip\xc8\v2.41\pic\sources\c99\common\islower.c estimated size: 44

main.c
		_main          		CODE           	009C	0000	1498
		_FLASH_LEDS    		CODE           	2F12	0000	50
		_TMR0_ISR_10ms 		CODE           	2D78	0000	64

main.c estimated size: 1612

C:\Program Files\Microchip\xc8\v2.41\pic\sources\c99\common\sprcmul.c
		___flmul       		CODE           	10A6	0000	1066

C:\Program Files\Microchip\xc8\v2.41\pic\sources\c99\common\sprcmul.c estimated size: 1066

C:\Program Files\Microchip\xc8\v2.41\pic\sources\c99\common\printf.c
		_printf        		CODE           	304C	0000	40

C:\Program Files\Microchip\xc8\v2.41\pic\sources\c99\common\printf.c estimated size: 40

C:\Program Files\Microchip\xc8\v2.41\pic\sources\c99\common\lwmod.c
		___lwmod       		CODE           	2A60	0000	100

C:\Program Files\Microchip\xc8\v2.41\pic\sources\c99\common\lwmod.c estimated size: 100

